../Core/Src/main.c:132:5:main	48	static
../Core/Src/main.c:281:6:SystemClock_Config	88	static
../Core/Src/main.c:328:13:MX_ADC1_Init	56	static
../Core/Src/main.c:423:13:MX_ADC2_Init	72	static
../Core/Src/main.c:505:13:MX_TIM1_Init	120	static
../Core/Src/main.c:595:13:MX_TIM2_Init	56	static
../Core/Src/main.c:653:13:MX_TIM3_Init	64	static
../Core/Src/main.c:712:13:MX_TIM7_Init	24	static
../Core/Src/main.c:750:13:MX_TIM8_Init	56	static
../Core/Src/main.c:804:13:MX_UART4_Init	8	static
../Core/Src/main.c:850:13:MX_DMA_Init	16	static
../Core/Src/main.c:869:13:MX_GPIO_Init	48	static
../Core/Src/main.c:910:6:UART4_Prepare_Message	24	static
../Core/Src/main.c:925:6:HAL_UART_TxCpltCallback	16	static
../Core/Src/main.c:933:6:HAL_TIM_PeriodElapsedCallback	16	static
../Core/Src/main.c:947:6:HAL_ADCEx_InjectedConvCpltCallback	16	static
../Core/Src/main.c:961:6:HAL_TIM_IC_CaptureCallback	24	static
../Core/Src/main.c:1002:6:Error_Handler	4	static,ignoring_inline_asm
